[2026-02-13T09:51:15.096Z] No architecture changes detected.
[2026-02-13T09:58:17.019Z] Change detected → Severity: MINOR, Recommended: 2.1.0
[2026-02-13T09:58:17.029Z] Auto-approved MINOR → Version 2.1.0
[2026-02-13T10:12:27.734Z] No architecture changes detected.
[2026-02-13T11:16:27.113Z] Change detected → Severity: MINOR, Recommended: 2.2.0
[2026-02-13T11:16:27.122Z] Auto-approved MINOR → Version 2.2.0
[2026-02-13T12:42:22.481Z] No architecture changes detected.
[2026-02-13T13:32:45.751Z] No architecture changes detected.
[2026-02-13T14:47:33.458Z] Change detected → Severity: MINOR, Recommended: 2.3.0
[2026-02-13T14:47:33.461Z] Auto-approved MINOR → Version 2.3.0
[2026-02-13T14:49:10.016Z] Change detected → Severity: MINOR, Recommended: 2.4.0
[2026-02-13T14:49:10.018Z] Auto-approved MINOR → Version 2.4.0
[2026-02-13T14:55:27.764Z] No architecture changes detected.
[2026-02-13T15:00:35.032Z] Change detected → Severity: MINOR, Recommended: 2.5.0
[2026-02-13T15:00:35.034Z] Auto-approved MINOR → Version 2.5.0
[2026-02-13T15:00:36.106Z] Notion sync failed → Could not find database with ID: 305075bd-2ca4-80ba-9781-ebbe0acff1f1. Make sure the relevant pages and databases are shared with your integration.
[2026-02-13T15:06:49.782Z] No architecture changes detected.
[2026-02-16T06:53:32.208Z] No architecture changes detected.
[2026-02-16T06:53:40.481Z] No architecture changes detected.
[2026-02-16T06:58:39.419Z] No architecture changes detected.
[2026-02-16T07:03:56.156Z] No architecture changes detected.
[2026-02-16T07:33:30.542Z] Change detected → Severity: MINOR, Recommended: 2.6.0
[2026-02-16T07:33:30.552Z] Auto-approved MINOR → Version 2.6.0
[2026-02-16T07:33:31.338Z] Notion sync failed → Could not find database with ID: 305075bd-2ca4-80ba-9781-ebbe0acff1f1. Make sure the relevant pages and databases are shared with your integration.
[2026-02-16T07:42:34.260Z] Change detected → Severity: MAJOR, Recommended: 3.0.0
[2026-02-16T07:42:41.522Z] Manual MAJOR approval → Version 3.0.0
[2026-02-16T07:42:42.254Z] Notion sync failed → Could not find database with ID: 305075bd-2ca4-80ba-9781-ebbe0acff1f1. Make sure the relevant pages and databases are shared with your integration.
[2026-02-16T07:46:09.306Z] No architecture changes detected.
[2026-02-16T08:20:55.188Z] No architecture changes detected.
[2026-02-16T08:51:44.306Z] No architecture changes detected.
[2026-02-16T11:18:02.165Z] Change detected → Severity: MINOR, Recommended: 3.1.0
[2026-02-16T11:18:02.174Z] Auto-approved MINOR → Version 3.1.0
[2026-02-16T11:18:02.875Z] Notion sync failed → Version is not a property that exists. Severity is not a property that exists. Notes is not a property that exists. Timestamp is not a property that exists.
